Local development check on macOS. Sandbox explicitly disabled.
Start UTC: 2026-10-04T07:01:06.404519+00:00
Command: ['lake', 'comparator', '--config', '<PROJECT>/.lake/comparator-local-config.json', '--inadvisably-no-sandbox']
WARNING: Sandbox disabled, this run is not trustworthy.
Resolving dependencies
Building Challenge
⚠ [8931/8932] Replayed Challenge
warning: Challenge.lean:44:8: declaration uses `sorry`
warning: Challenge.lean:52:8: declaration uses `sorry`
warning: Challenge.lean:61:8: declaration uses `sorry`
warning: Challenge.lean:70:8: declaration uses `sorry`
warning: Challenge.lean:77:8: declaration uses `sorry`
Build completed successfully (8932 jobs).
Exporting #[Quot, Quot.mk, Quot.lift, Quot.ind, PalomarSidon.universal_integer_bound, PalomarSidon.finite_prime_power_bound, PalomarSidon.affine_compression, PalomarSidon.universal_real_bound, PalomarSidon.universal_torsion_free_bound, propext, Quot.sound, Classical.choice, Nat.add, Nat.sub, Nat.mul, Nat.pow, Nat.gcd, Nat.div, Nat.mod, Nat.beq, Nat.ble, Nat.land, Nat.lor, Nat.xor, Nat.shiftLeft, Nat.shiftRight, String.ofList, Char.ofNat, List, eagerReduce, Nat, String, String.mk, Char, optParam, autoParam, semiOutParam, outParam] from Challenge
Building Solution
ℹ [8950/8969] Replayed Affine
info: Affine.lean:66:0: 'SidonResearch.affine_measurePreserving' depends on axioms: [propext, Classical.choice, Quot.sound]
info: Affine.lean:67:0: 'SidonResearch.affinePair_measurePreserving' depends on axioms: [propext, Classical.choice, Quot.sound]
⚠ [8955/8969] Replayed RelationExtraction
warning: RelationExtraction.lean:26:8: `dif_pos` has been deprecated: Use `dite_eq_left` instead

Hint: Replace the deprecated name:
  d̵i̵f̵_̵p̵o̵s̵d̲i̲t̲e̲_̲e̲q̲_̲l̲e̲f̲t̲
⚠ [8957/8969] Replayed SingerLibrary
warning: SingerLibrary.lean:58:2: Try this: 
  letI̵

The goal is a proposition, so `let` is preferred over `letI`.
The difference between `let` and `letI` is that `letI` inlines the value.
But this is not relevant for proofs because of proof irrelevance.

Note: This linter can be disabled with `set_option linter.style.haveILetI false`
warning: SingerLibrary.lean:251:46: Variable name `hα_ne` is not explicitly referenced.

Hint: The binding can be removed (if unused) or named `_` (if used implicitly). Alternatively, prefix the name with `_` to silence this warning:
  [apply] _hα_ne

Note: This linter can be disabled with `set_option linter.unusedVariables false`
warning: SingerLibrary.lean:638:2: Try this: 
  haveI̵

The goal is a proposition, so `have` is preferred over `haveI`.
The difference between `have` and `haveI` is that `haveI` inlines the value.
But this is not relevant for proofs because of proof irrelevance.

Note: This linter can be disabled with `set_option linter.style.haveILetI false`
⚠ [8958/8969] Replayed SingerPrimePowerLibrary
warning: SingerPrimePowerLibrary.lean:573:2: Try this: 
  haveI̵

The goal is a proposition, so `have` is preferred over `haveI`.
The difference between `have` and `haveI` is that `haveI` inlines the value.
But this is not relevant for proofs because of proof irrelevance.

Note: This linter can be disabled with `set_option linter.style.haveILetI false`
warning: SingerPrimePowerLibrary.lean:605:6: This simp argument is unused:
  show (⟨1, by omega⟩ : Fin 2) = (⟨1, by omega⟩ : Fin 2) from rfl

Hint: Omit it from the simp argument list.
  [apply] simp only [Finsupp.add_apply, Finsupp.smul_apply, Finsupp.single_apply, smul_eq_mul, Finsupp.zero_apply,
    show ((⟨0, by omega⟩ : Fin 2) = (⟨1, by omega⟩ : Fin 2)) = False from by simp [Fin.ext_iff], ite_true, ite_false,
    mul_zero, add_zero] at h1

Note: This linter can be disabled with `set_option linter.unusedSimpArgs false`
warning: SingerPrimePowerLibrary.lean:607:17: This simp argument is unused:
  Fin.ext_iff

Hint: Omit it from the simp argument list.
  [apply] simp

Note: This linter can be disabled with `set_option linter.unusedSimpArgs false`
warning: SingerPrimePowerLibrary.lean:622:8: This simp argument is unused:
  show (⟨1, by omega⟩ : Fin 2) = (⟨1, by omega⟩ : Fin 2) from rfl

Hint: Omit it from the simp argument list.
  [apply] simp only [Finsupp.add_apply, Finsupp.smul_apply, Finsupp.single_apply, smul_eq_mul,
    show ((⟨0, by omega⟩ : Fin 2) = (⟨1, by omega⟩ : Fin 2)) = False from by simp [Fin.ext_iff], ite_true, ite_false,
    mul_zero, add_zero, mul_one] at h1

Note: This linter can be disabled with `set_option linter.unusedSimpArgs false`
warning: SingerPrimePowerLibrary.lean:625:49: This simp argument is unused:
  mul_one

Hint: Omit it from the simp argument list.
  [apply] simp only [Finsupp.add_apply, Finsupp.smul_apply, Finsupp.single_apply, smul_eq_mul,
    show (⟨1, by omega⟩ : Fin 2) = (⟨1, by omega⟩ : Fin 2) from rfl,
    show ((⟨0, by omega⟩ : Fin 2) = (⟨1, by omega⟩ : Fin 2)) = False from by simp [Fin.ext_iff], ite_true, ite_false,
    mul_zero, add_zero] at h1

Note: This linter can be disabled with `set_option linter.unusedSimpArgs false`
warning: SingerPrimePowerLibrary.lean:624:19: This simp argument is unused:
  Fin.ext_iff

Hint: Omit it from the simp argument list.
  [apply] simp

Note: This linter can be disabled with `set_option linter.unusedSimpArgs false`
warning: SingerPrimePowerLibrary.lean:633:8: This simp argument is unused:
  show (⟨1, by omega⟩ : Fin 2) = (⟨1, by omega⟩ : Fin 2) from rfl

Hint: Omit it from the simp argument list.
  [apply] simp only [Finsupp.add_apply, Finsupp.smul_apply, Finsupp.single_apply, smul_eq_mul,
    show ((⟨0, by omega⟩ : Fin 2) = (⟨1, by omega⟩ : Fin 2)) = False from by simp [Fin.ext_iff], ite_true, ite_false,
    mul_zero, add_zero, mul_one] at h1

Note: This linter can be disabled with `set_option linter.unusedSimpArgs false`
warning: SingerPrimePowerLibrary.lean:635:19: This simp argument is unused:
  Fin.ext_iff

Hint: Omit it from the simp argument list.
  [apply] simp

Note: This linter can be disabled with `set_option linter.unusedSimpArgs false`
warning: SingerPrimePowerLibrary.lean:646:8: This simp argument is unused:
  show (⟨1, by omega⟩ : Fin 2) = (⟨1, by omega⟩ : Fin 2) from rfl

Hint: Omit it from the simp argument list.
  [apply] simp only [Finsupp.add_apply, Finsupp.smul_apply, Finsupp.single_apply, smul_eq_mul,
    show ((⟨0, by omega⟩ : Fin 2) = (⟨1, by omega⟩ : Fin 2)) = False from by simp [Fin.ext_iff],
    show (⟨0, by omega⟩ : Fin 2) = (⟨0, by omega⟩ : Fin 2) from rfl,
    show ((⟨1, by omega⟩ : Fin 2) = (⟨0, by omega⟩ : Fin 2)) = False from by simp [Fin.ext_iff], ite_true, ite_false,
    mul_zero, add_zero, mul_one, zero_add] at h1 h0

Note: This linter can be disabled with `set_option linter.unusedSimpArgs false`
warning: SingerPrimePowerLibrary.lean:649:8: This simp argument is unused:
  show (⟨0, by omega⟩ : Fin 2) = (⟨0, by omega⟩ : Fin 2) from rfl

Hint: Omit it from the simp argument list.
  [apply] simp only [Finsupp.add_apply, Finsupp.smul_apply, Finsupp.single_apply, smul_eq_mul,
    show (⟨1, by omega⟩ : Fin 2) = (⟨1, by omega⟩ : Fin 2) from rfl,
    show ((⟨0, by omega⟩ : Fin 2) = (⟨1, by omega⟩ : Fin 2)) = False from by simp [Fin.ext_iff],
    show ((⟨1, by omega⟩ : Fin 2) = (⟨0, by omega⟩ : Fin 2)) = False from by simp [Fin.ext_iff], ite_true, ite_false,
    mul_zero, add_zero, mul_one, zero_add] at h1 h0

Note: This linter can be disabled with `set_option linter.unusedSimpArgs false`
warning: SingerPrimePowerLibrary.lean:648:19: This simp argument is unused:
  Fin.ext_iff

Hint: Omit it from the simp argument list.
  [apply] simp

Note: This linter can be disabled with `set_option linter.unusedSimpArgs false`
warning: SingerPrimePowerLibrary.lean:651:19: This simp argument is unused:
  Fin.ext_iff

Hint: Omit it from the simp argument list.
  [apply] simp

Note: This linter can be disabled with `set_option linter.unusedSimpArgs false`
warning: SingerPrimePowerLibrary.lean:754:2: Try this: 
  haveI̵

The goal is a proposition, so `have` is preferred over `haveI`.
The difference between `have` and `haveI` is that `haveI` inlines the value.
But this is not relevant for proofs because of proof irrelevance.

Note: This linter can be disabled with `set_option linter.style.haveILetI false`
⚠ [8959/8969] Replayed SingerPrimePower
warning: SingerPrimePower.lean:45:2: Try this: 
  letI̵

The goal is a proposition, so `let` is preferred over `letI`.
The difference between `let` and `letI` is that `letI` inlines the value.
But this is not relevant for proofs because of proof irrelevance.

Note: This linter can be disabled with `set_option linter.style.haveILetI false`
warning: SingerPrimePower.lean:46:2: Try this: 
  letI̵

The goal is a proposition, so `let` is preferred over `letI`.
The difference between `let` and `letI` is that `letI` inlines the value.
But this is not relevant for proofs because of proof irrelevance.

Note: This linter can be disabled with `set_option linter.style.haveILetI false`
info: SingerPrimePower.lean:56:0: 'SidonResearch.exists_singer_primePower' depends on axioms: [propext, Classical.choice, Quot.sound]
⚠ [8961/8969] Replayed Finite
warning: Finite.lean:19:2: Try this: 
  letI̵

The goal is a proposition, so `let` is preferred over `letI`.
The difference between `let` and `letI` is that `letI` inlines the value.
But this is not relevant for proofs because of proof irrelevance.

Note: This linter can be disabled with `set_option linter.style.haveILetI false`
warning: Finite.lean:45:2: Try this: 
  letI̵

The goal is a proposition, so `let` is preferred over `letI`.
The difference between `let` and `letI` is that `letI` inlines the value.
But this is not relevant for proofs because of proof irrelevance.

Note: This linter can be disabled with `set_option linter.style.haveILetI false`
ℹ [8962/8969] Replayed Asymptotic
info: Asymptotic.lean:203:0: 'SidonResearch.eventually_exists_prime_between' depends on axioms: [propext, Classical.choice, Quot.sound]
info: Asymptotic.lean:204:0: 'SidonResearch.finiteSidonBound_limit' depends on axioms: [propext, Classical.choice, Quot.sound]
info: Asymptotic.lean:205:0: 'SidonResearch.asymptotic_of_finite_bound' depends on axioms: [propext, Classical.choice, Quot.sound]
⚠ [8963/8969] Replayed Transfer
warning: Transfer.lean:67:2: Try this: 
  letI̵

The goal is a proposition, so `let` is preferred over `letI`.
The difference between `let` and `letI` is that `letI` inlines the value.
But this is not relevant for proofs because of proof irrelevance.

Note: This linter can be disabled with `set_option linter.style.haveILetI false`
warning: Transfer.lean:68:2: Try this: 
  letI̵

The goal is a proposition, so `let` is preferred over `letI`.
The difference between `let` and `letI` is that `letI` inlines the value.
But this is not relevant for proofs because of proof irrelevance.

Note: This linter can be disabled with `set_option linter.style.haveILetI false`
warning: Transfer.lean:77:18: `dif_pos` has been deprecated: Use `dite_eq_left` instead

Hint: Replace the deprecated name:
  d̵i̵f̵_̵p̵o̵s̵d̲i̲t̲e̲_̲e̲q̲_̲l̲e̲f̲t̲
warning: Transfer.lean:137:2: Try this: 
  letI̵

The goal is a proposition, so `let` is preferred over `letI`.
The difference between `let` and `letI` is that `letI` inlines the value.
But this is not relevant for proofs because of proof irrelevance.

Note: This linter can be disabled with `set_option linter.style.haveILetI false`
info: Transfer.lean:143:0: 'SidonResearch.exists_freiman2_int' depends on axioms: [propext, Classical.choice, Quot.sound]
info: Transfer.lean:144:0: 'SidonResearch.integer_bound_transfer' depends on axioms: [propext, Classical.choice, Quot.sound]
info: Transfer.lean:145:0: 'SidonResearch.real_space_bound_transfer' depends on axioms: [propext, Classical.choice, Quot.sound]
ℹ [8966/8969] Replayed GeneralCompression
info: GeneralCompression.lean:50:0: 'SidonResearch.affine_compression_delta' depends on axioms: [propext, Classical.choice, Quot.sound]
info: GeneralCompression.lean:51:0: 'SidonResearch.affine_compression_delta_ceil' depends on axioms: [propext, Classical.choice, Quot.sound]
ℹ [8967/8969] Built Main (2.6s)
info: Main.lean:44:0: theorem SidonResearch.universal_sidon_lower_bound : ∀ (ε : ℝ),
  0 < ε →
    ∃ N, ∀ (A : Finset ℤ), N ≤ A.card → ∃ B ⊆ A, SidonResearch.IsSidon B ∧ (2 / (3 * √3) - ε) * √↑A.card ≤ ↑B.card :=
fun ε hε => SidonResearch.asymptotic_of_finite_bound (fun A q hq => SidonResearch.finite_sidon_bound A q hq) ε hε
info: Main.lean:45:0: 'SidonResearch.universal_sidon_lower_bound' depends on axioms: [propext, Classical.choice, Quot.sound]
info: Main.lean:46:0: 'SidonResearch.affine_compression' depends on axioms: [propext, Classical.choice, Quot.sound]
info: Main.lean:47:0: 'SidonResearch.finite_sidon_bound' depends on axioms: [propext, Classical.choice, Quot.sound]
info: Main.lean:48:0: 'SidonResearch.finite_sidon_bound_ceil' depends on axioms: [propext, Classical.choice, Quot.sound]
info: Main.lean:49:0: 'SidonResearch.universal_sidon_lower_bound_real' depends on axioms: [propext, Classical.choice, Quot.sound]
info: Main.lean:50:0: 'SidonResearch.universal_sidon_lower_bound_torsionFree' depends on axioms: [propext, Classical.choice, Quot.sound]
info: Main.lean:51:0: 'SidonResearch.affine_compression_delta_ceil' depends on axioms: [propext, Classical.choice, Quot.sound]
⚠ [8968/8969] Built Solution (2.1s)
warning: Solution.lean:58:2: Try this: 
  letI̵

The goal is a proposition, so `let` is preferred over `letI`.
The difference between `let` and `letI` is that `letI` inlines the value.
But this is not relevant for proofs because of proof irrelevance.

Note: This linter can be disabled with `set_option linter.style.haveILetI false`
info: Solution.lean:83:0: 'PalomarSidon.universal_integer_bound' depends on axioms: [propext, Classical.choice, Quot.sound]
info: Solution.lean:84:0: 'PalomarSidon.finite_prime_power_bound' depends on axioms: [propext, Classical.choice, Quot.sound]
info: Solution.lean:85:0: 'PalomarSidon.affine_compression' depends on axioms: [propext, Classical.choice, Quot.sound]
info: Solution.lean:86:0: 'PalomarSidon.universal_real_bound' depends on axioms: [propext, Classical.choice, Quot.sound]
info: Solution.lean:87:0: 'PalomarSidon.universal_torsion_free_bound' depends on axioms: [propext, Classical.choice, Quot.sound]
Build completed successfully (8969 jobs).
Exporting #[Quot, Quot.mk, Quot.lift, Quot.ind, PalomarSidon.universal_integer_bound, PalomarSidon.finite_prime_power_bound, PalomarSidon.affine_compression, PalomarSidon.universal_real_bound, PalomarSidon.universal_torsion_free_bound, propext, Quot.sound, Classical.choice, Nat.add, Nat.sub, Nat.mul, Nat.pow, Nat.gcd, Nat.div, Nat.mod, Nat.beq, Nat.ble, Nat.land, Nat.lor, Nat.xor, Nat.shiftLeft, Nat.shiftRight, String.ofList, Char.ofNat, List, eagerReduce, Nat, String, String.mk, Char, optParam, autoParam, semiOutParam, outParam] from Solution
Running con-ron kernel on solution
con-ron: 1 inductive blocks modelled in-process: Lean.Syntax (30 generated records, checked by the fold as declarations and not counted as records of the file)
con-ron: accepted 80778 declarations (--verified)
con-ron kernel accepts the solution
Running nanoda kernel on solution
nanoda kernel accepts the solution
Running Lean default kernel on solution
Lean default kernel accepts the solution
Your solution is okay!

Finish UTC: 2026-10-04T07:04:04.013213+00:00
Exit status: 0
